Archive member included to satisfy reference by file (symbol)

c:/program files (x86)/atmel/studio/7.0/toolchain/avr8/avr8-gnu-toolchain/bin/../lib/gcc/avr/5.4.0/avr5\libgcc.a(_exit.o)
                              C:/Program Files (x86)/Atmel/Studio/7.0/Packs/atmel/ATmega_DFP/1.3.300/gcc/dev/atmega32/avr5/crtatmega32.o (exit)
c:/program files (x86)/atmel/studio/7.0/toolchain/avr8/avr8-gnu-toolchain/bin/../lib/gcc/avr/5.4.0/avr5\libgcc.a(_copy_data.o)
                              MUGW_options.o (__do_copy_data)
c:/program files (x86)/atmel/studio/7.0/toolchain/avr8/avr8-gnu-toolchain/bin/../lib/gcc/avr/5.4.0/avr5\libgcc.a(_clear_bss.o)
                              CLOCK.o (__do_clear_bss)
c:/program files (x86)/atmel/studio/7.0/toolchain/avr8/avr8-gnu-toolchain/bin/../lib/gcc/avr/5.4.0/avr5\libgcc.a(_umulhisi3.o)
                              LCD.o (__umulhisi3)
C:/Program Files (x86)/Atmel/Studio/7.0/Packs/atmel/ATmega_DFP/1.3.300/gcc/dev/atmega32/avr5\libatmega32.a(eerd_byte.o)
                              MUGW_options.o (eeprom_read_byte)
C:/Program Files (x86)/Atmel/Studio/7.0/Packs/atmel/ATmega_DFP/1.3.300/gcc/dev/atmega32/avr5\libatmega32.a(eeupd_byte.o)
                              MUGW_options.o (eeprom_update_byte)

Discarded input sections

 .data          0x00000000        0x0 C:/Program Files (x86)/Atmel/Studio/7.0/Packs/atmel/ATmega_DFP/1.3.300/gcc/dev/atmega32/avr5/crtatmega32.o
 .bss           0x00000000        0x0 C:/Program Files (x86)/Atmel/Studio/7.0/Packs/atmel/ATmega_DFP/1.3.300/gcc/dev/atmega32/avr5/crtatmega32.o
 .text          0x00000000        0x0 CLOCK.o
 .data          0x00000000        0x0 CLOCK.o
 .bss           0x00000000        0x0 CLOCK.o
 .text.RUN_Date_and_Time
                0x00000000      0x1e6 CLOCK.o
 .text.SEND_Date_and_Time
                0x00000000       0x38 CLOCK.o
 .text          0x00000000        0x0 DIO.o
 .data          0x00000000        0x0 DIO.o
 .bss           0x00000000        0x0 DIO.o
 .text.DIO_void_SetPinValue
                0x00000000       0xda DIO.o
 .text.DIO_uint8_GetPinValue
                0x00000000       0x62 DIO.o
 .text.DIO_void_TogglePin
                0x00000000       0x68 DIO.o
 .text          0x00000000        0x0 GIE_prog.o
 .data          0x00000000        0x0 GIE_prog.o
 .bss           0x00000000        0x0 GIE_prog.o
 .text.GIE_voidEnable
                0x00000000        0x8 GIE_prog.o
 .text.GIE_voidDisable
                0x00000000        0x8 GIE_prog.o
 .debug_info    0x00000000       0xa7 GIE_prog.o
 .debug_abbrev  0x00000000       0x51 GIE_prog.o
 .debug_aranges
                0x00000000       0x28 GIE_prog.o
 .debug_ranges  0x00000000       0x18 GIE_prog.o
 .debug_line    0x00000000       0x68 GIE_prog.o
 .debug_str     0x00000000      0x1b5 GIE_prog.o
 .comment       0x00000000       0x31 GIE_prog.o
 .debug_frame   0x00000000       0x34 GIE_prog.o
 .text          0x00000000        0x0 I2C_Master.o
 .data          0x00000000        0x0 I2C_Master.o
 .bss           0x00000000        0x0 I2C_Master.o
 .text          0x00000000        0x0 I2C_Slave.o
 .data          0x00000000        0x0 I2C_Slave.o
 .bss           0x00000000        0x0 I2C_Slave.o
 .text.I2C_Slave_Init
                0x00000000        0x8 I2C_Slave.o
 .text.I2C_Slave_Listen
                0x00000000       0x2e I2C_Slave.o
 .text.I2C_Slave_Transmit
                0x00000000       0x40 I2C_Slave.o
 .text.I2C_Slave_Receive
                0x00000000       0x34 I2C_Slave.o
 .debug_info    0x00000000      0x144 I2C_Slave.o
 .debug_abbrev  0x00000000       0xd7 I2C_Slave.o
 .debug_loc     0x00000000       0xd1 I2C_Slave.o
 .debug_aranges
                0x00000000       0x38 I2C_Slave.o
 .debug_ranges  0x00000000       0x28 I2C_Slave.o
 .debug_line    0x00000000      0x1d2 I2C_Slave.o
 .debug_str     0x00000000      0x1f7 I2C_Slave.o
 .comment       0x00000000       0x31 I2C_Slave.o
 .debug_frame   0x00000000       0x54 I2C_Slave.o
 .text          0x00000000        0x0 keypad.o
 .data          0x00000000        0x0 keypad.o
 .bss           0x00000000        0x0 keypad.o
 .text.KEYPAD_void_Init
                0x00000000       0x66 keypad.o
 .text.KEYPAD_uint8_GetKey
                0x00000000      0x1c2 keypad.o
 .debug_info    0x00000000      0x4f3 keypad.o
 .debug_abbrev  0x00000000       0xb0 keypad.o
 .debug_loc     0x00000000      0x1ab keypad.o
 .debug_aranges
                0x00000000       0x28 keypad.o
 .debug_ranges  0x00000000       0x18 keypad.o
 .debug_line    0x00000000      0x1b4 keypad.o
 .debug_str     0x00000000      0x204 keypad.o
 .comment       0x00000000       0x31 keypad.o
 .debug_frame   0x00000000       0x40 keypad.o
 .text          0x00000000        0x0 LCD.o
 .data          0x00000000        0x0 LCD.o
 .bss           0x00000000        0x0 LCD.o
 .text.LCD_void_SendCommand
                0x00000000      0x146 LCD.o
 .text.LCD_void_SendData
                0x00000000      0x146 LCD.o
 .text.LCD_void_init
                0x00000000       0xc0 LCD.o
 .text.LCD_void_WriteString
                0x00000000       0x1e LCD.o
 .text.LCD_void_CustomCharacter
                0x00000000       0x36 LCD.o
 .text.LCD_voidCustomChar
                0x00000000       0xf2 LCD.o
 .text.LCD_void_SendValue
                0x00000000       0x72 LCD.o
 .debug_info    0x00000000      0xe57 LCD.o
 .debug_abbrev  0x00000000      0x1ba LCD.o
 .debug_loc     0x00000000      0x6b6 LCD.o
 .debug_aranges
                0x00000000       0x50 LCD.o
 .debug_ranges  0x00000000       0x40 LCD.o
 .debug_line    0x00000000      0x521 LCD.o
 .debug_str     0x00000000      0x2f0 LCD.o
 .comment       0x00000000       0x31 LCD.o
 .debug_frame   0x00000000       0xd4 LCD.o
 .text          0x00000000        0x0 main.o
 .data          0x00000000        0x0 main.o
 .bss           0x00000000        0x0 main.o
 .text          0x00000000        0x0 MUGW_options.o
 .data          0x00000000        0x0 MUGW_options.o
 .bss           0x00000000        0x0 MUGW_options.o
 .text.mugwoptions_void_viewcal
                0x00000000       0x18 MUGW_options.o
 .text          0x00000000        0x0 TIM0_prog.o
 .data          0x00000000        0x0 TIM0_prog.o
 .bss           0x00000000        0x0 TIM0_prog.o
 .text.TIM0_voidInitialize
                0x00000000       0x12 TIM0_prog.o
 .text.TIM0_voidEnableInt
                0x00000000        0x8 TIM0_prog.o
 .text.TIM0_voidDisableInt
                0x00000000        0x8 TIM0_prog.o
 .text.TIM0_voidSetRegister
                0x00000000        0x4 TIM0_prog.o
 .text.TIM0_voidSet_OCR0
                0x00000000        0x4 TIM0_prog.o
 .text.TIM0_voidSetCallBack
                0x00000000        0xa TIM0_prog.o
 .text.TIM0_voidSetCallBack_CTC
                0x00000000        0xa TIM0_prog.o
 .text          0x00000000        0x0 UART.o
 .data          0x00000000        0x0 UART.o
 .bss           0x00000000        0x0 UART.o
 .text.UART_SendString
                0x00000000       0x2c UART.o
 .text          0x00000000        0x0 c:/program files (x86)/atmel/studio/7.0/toolchain/avr8/avr8-gnu-toolchain/bin/../lib/gcc/avr/5.4.0/avr5\libgcc.a(_exit.o)
 .data          0x00000000        0x0 c:/program files (x86)/atmel/studio/7.0/toolchain/avr8/avr8-gnu-toolchain/bin/../lib/gcc/avr/5.4.0/avr5\libgcc.a(_exit.o)
 .bss           0x00000000        0x0 c:/program files (x86)/atmel/studio/7.0/toolchain/avr8/avr8-gnu-toolchain/bin/../lib/gcc/avr/5.4.0/avr5\libgcc.a(_exit.o)
 .text.libgcc.mul
                0x00000000        0x0 c:/program files (x86)/atmel/studio/7.0/toolchain/avr8/avr8-gnu-toolchain/bin/../lib/gcc/avr/5.4.0/avr5\libgcc.a(_exit.o)
 .text.libgcc.div
                0x00000000        0x0 c:/program files (x86)/atmel/studio/7.0/toolchain/avr8/avr8-gnu-toolchain/bin/../lib/gcc/avr/5.4.0/avr5\libgcc.a(_exit.o)
 .text.libgcc   0x00000000        0x0 c:/program files (x86)/atmel/studio/7.0/toolchain/avr8/avr8-gnu-toolchain/bin/../lib/gcc/avr/5.4.0/avr5\libgcc.a(_exit.o)
 .text.libgcc.prologue
                0x00000000        0x0 c:/program files (x86)/atmel/studio/7.0/toolchain/avr8/avr8-gnu-toolchain/bin/../lib/gcc/avr/5.4.0/avr5\libgcc.a(_exit.o)
 .text.libgcc.builtins
                0x00000000        0x0 c:/program files (x86)/atmel/studio/7.0/toolchain/avr8/avr8-gnu-toolchain/bin/../lib/gcc/avr/5.4.0/avr5\libgcc.a(_exit.o)
 .text.libgcc.fmul
                0x00000000        0x0 c:/program files (x86)/atmel/studio/7.0/toolchain/avr8/avr8-gnu-toolchain/bin/../lib/gcc/avr/5.4.0/avr5\libgcc.a(_exit.o)
 .text.libgcc.fixed
                0x00000000        0x0 c:/program files (x86)/atmel/studio/7.0/toolchain/avr8/avr8-gnu-toolchain/bin/../lib/gcc/avr/5.4.0/avr5\libgcc.a(_exit.o)
 .text          0x00000000        0x0 c:/program files (x86)/atmel/studio/7.0/toolchain/avr8/avr8-gnu-toolchain/bin/../lib/gcc/avr/5.4.0/avr5\libgcc.a(_copy_data.o)
 .data          0x00000000        0x0 c:/program files (x86)/atmel/studio/7.0/toolchain/avr8/avr8-gnu-toolchain/bin/../lib/gcc/avr/5.4.0/avr5\libgcc.a(_copy_data.o)
 .bss           0x00000000        0x0 c:/program files (x86)/atmel/studio/7.0/toolchain/avr8/avr8-gnu-toolchain/bin/../lib/gcc/avr/5.4.0/avr5\libgcc.a(_copy_data.o)
 .text.libgcc.mul
                0x00000000        0x0 c:/program files (x86)/atmel/studio/7.0/toolchain/avr8/avr8-gnu-toolchain/bin/../lib/gcc/avr/5.4.0/avr5\libgcc.a(_copy_data.o)
 .text.libgcc.div
                0x00000000        0x0 c:/program files (x86)/atmel/studio/7.0/toolchain/avr8/avr8-gnu-toolchain/bin/../lib/gcc/avr/5.4.0/avr5\libgcc.a(_copy_data.o)
 .text.libgcc   0x00000000        0x0 c:/program files (x86)/atmel/studio/7.0/toolchain/avr8/avr8-gnu-toolchain/bin/../lib/gcc/avr/5.4.0/avr5\libgcc.a(_copy_data.o)
 .text.libgcc.prologue
                0x00000000        0x0 c:/program files (x86)/atmel/studio/7.0/toolchain/avr8/avr8-gnu-toolchain/bin/../lib/gcc/avr/5.4.0/avr5\libgcc.a(_copy_data.o)
 .text.libgcc.builtins
                0x00000000        0x0 c:/program files (x86)/atmel/studio/7.0/toolchain/avr8/avr8-gnu-toolchain/bin/../lib/gcc/avr/5.4.0/avr5\libgcc.a(_copy_data.o)
 .text.libgcc.fmul
                0x00000000        0x0 c:/program files (x86)/atmel/studio/7.0/toolchain/avr8/avr8-gnu-toolchain/bin/../lib/gcc/avr/5.4.0/avr5\libgcc.a(_copy_data.o)
 .text.libgcc.fixed
                0x00000000        0x0 c:/program files (x86)/atmel/studio/7.0/toolchain/avr8/avr8-gnu-toolchain/bin/../lib/gcc/avr/5.4.0/avr5\libgcc.a(_copy_data.o)
 .text          0x00000000        0x0 c:/program files (x86)/atmel/studio/7.0/toolchain/avr8/avr8-gnu-toolchain/bin/../lib/gcc/avr/5.4.0/avr5\libgcc.a(_clear_bss.o)
 .data          0x00000000        0x0 c:/program files (x86)/atmel/studio/7.0/toolchain/avr8/avr8-gnu-toolchain/bin/../lib/gcc/avr/5.4.0/avr5\libgcc.a(_clear_bss.o)
 .bss           0x00000000        0x0 c:/program files (x86)/atmel/studio/7.0/toolchain/avr8/avr8-gnu-toolchain/bin/../lib/gcc/avr/5.4.0/avr5\libgcc.a(_clear_bss.o)
 .text.libgcc.mul
                0x00000000        0x0 c:/program files (x86)/atmel/studio/7.0/toolchain/avr8/avr8-gnu-toolchain/bin/../lib/gcc/avr/5.4.0/avr5\libgcc.a(_clear_bss.o)
 .text.libgcc.div
                0x00000000        0x0 c:/program files (x86)/atmel/studio/7.0/toolchain/avr8/avr8-gnu-toolchain/bin/../lib/gcc/avr/5.4.0/avr5\libgcc.a(_clear_bss.o)
 .text.libgcc   0x00000000        0x0 c:/program files (x86)/atmel/studio/7.0/toolchain/avr8/avr8-gnu-toolchain/bin/../lib/gcc/avr/5.4.0/avr5\libgcc.a(_clear_bss.o)
 .text.libgcc.prologue
                0x00000000        0x0 c:/program files (x86)/atmel/studio/7.0/toolchain/avr8/avr8-gnu-toolchain/bin/../lib/gcc/avr/5.4.0/avr5\libgcc.a(_clear_bss.o)
 .text.libgcc.builtins
                0x00000000        0x0 c:/program files (x86)/atmel/studio/7.0/toolchain/avr8/avr8-gnu-toolchain/bin/../lib/gcc/avr/5.4.0/avr5\libgcc.a(_clear_bss.o)
 .text.libgcc.fmul
                0x00000000        0x0 c:/program files (x86)/atmel/studio/7.0/toolchain/avr8/avr8-gnu-toolchain/bin/../lib/gcc/avr/5.4.0/avr5\libgcc.a(_clear_bss.o)
 .text.libgcc.fixed
                0x00000000        0x0 c:/program files (x86)/atmel/studio/7.0/toolchain/avr8/avr8-gnu-toolchain/bin/../lib/gcc/avr/5.4.0/avr5\libgcc.a(_clear_bss.o)
 .text          0x00000000        0x0 c:/program files (x86)/atmel/studio/7.0/toolchain/avr8/avr8-gnu-toolchain/bin/../lib/gcc/avr/5.4.0/avr5\libgcc.a(_umulhisi3.o)
 .data          0x00000000        0x0 c:/program files (x86)/atmel/studio/7.0/toolchain/avr8/avr8-gnu-toolchain/bin/../lib/gcc/avr/5.4.0/avr5\libgcc.a(_umulhisi3.o)
 .bss           0x00000000        0x0 c:/program files (x86)/atmel/studio/7.0/toolchain/avr8/avr8-gnu-toolchain/bin/../lib/gcc/avr/5.4.0/avr5\libgcc.a(_umulhisi3.o)
 .text.libgcc.mul
                0x00000000       0x1e c:/program files (x86)/atmel/studio/7.0/toolchain/avr8/avr8-gnu-toolchain/bin/../lib/gcc/avr/5.4.0/avr5\libgcc.a(_umulhisi3.o)
 .text.libgcc.div
                0x00000000        0x0 c:/program files (x86)/atmel/studio/7.0/toolchain/avr8/avr8-gnu-toolchain/bin/../lib/gcc/avr/5.4.0/avr5\libgcc.a(_umulhisi3.o)
 .text.libgcc   0x00000000        0x0 c:/program files (x86)/atmel/studio/7.0/toolchain/avr8/avr8-gnu-toolchain/bin/../lib/gcc/avr/5.4.0/avr5\libgcc.a(_umulhisi3.o)
 .text.libgcc.prologue
                0x00000000        0x0 c:/program files (x86)/atmel/studio/7.0/toolchain/avr8/avr8-gnu-toolchain/bin/../lib/gcc/avr/5.4.0/avr5\libgcc.a(_umulhisi3.o)
 .text.libgcc.builtins
                0x00000000        0x0 c:/program files (x86)/atmel/studio/7.0/toolchain/avr8/avr8-gnu-toolchain/bin/../lib/gcc/avr/5.4.0/avr5\libgcc.a(_umulhisi3.o)
 .text.libgcc.fmul
                0x00000000        0x0 c:/program files (x86)/atmel/studio/7.0/toolchain/avr8/avr8-gnu-toolchain/bin/../lib/gcc/avr/5.4.0/avr5\libgcc.a(_umulhisi3.o)
 .text.libgcc.fixed
                0x00000000        0x0 c:/program files (x86)/atmel/studio/7.0/toolchain/avr8/avr8-gnu-toolchain/bin/../lib/gcc/avr/5.4.0/avr5\libgcc.a(_umulhisi3.o)
 .text          0x00000000        0x0 C:/Program Files (x86)/Atmel/Studio/7.0/Packs/atmel/ATmega_DFP/1.3.300/gcc/dev/atmega32/avr5\libatmega32.a(eerd_byte.o)
 .data          0x00000000        0x0 C:/Program Files (x86)/Atmel/Studio/7.0/Packs/atmel/ATmega_DFP/1.3.300/gcc/dev/atmega32/avr5\libatmega32.a(eerd_byte.o)
 .bss           0x00000000        0x0 C:/Program Files (x86)/Atmel/Studio/7.0/Packs/atmel/ATmega_DFP/1.3.300/gcc/dev/atmega32/avr5\libatmega32.a(eerd_byte.o)
 .text          0x00000000        0x0 C:/Program Files (x86)/Atmel/Studio/7.0/Packs/atmel/ATmega_DFP/1.3.300/gcc/dev/atmega32/avr5\libatmega32.a(eeupd_byte.o)
 .data          0x00000000        0x0 C:/Program Files (x86)/Atmel/Studio/7.0/Packs/atmel/ATmega_DFP/1.3.300/gcc/dev/atmega32/avr5\libatmega32.a(eeupd_byte.o)
 .bss           0x00000000        0x0 C:/Program Files (x86)/Atmel/Studio/7.0/Packs/atmel/ATmega_DFP/1.3.300/gcc/dev/atmega32/avr5\libatmega32.a(eeupd_byte.o)

Memory Configuration

Name             Origin             Length             Attributes
text             0x00000000         0x00020000         xr
data             0x00800060         0x0000ffa0         rw !x
eeprom           0x00810000         0x00010000         rw !x
fuse             0x00820000         0x00000002         rw !x
lock             0x00830000         0x00000400         rw !x
signature        0x00840000         0x00000400         rw !x
user_signatures  0x00850000         0x00000400         rw !x
*default*        0x00000000         0xffffffff

Linker script and memory map

LOAD C:/Program Files (x86)/Atmel/Studio/7.0/Packs/atmel/ATmega_DFP/1.3.300/gcc/dev/atmega32/avr5/crtatmega32.o
LOAD CLOCK.o
LOAD DIO.o
LOAD GIE_prog.o
LOAD I2C_Master.o
LOAD I2C_Slave.o
LOAD keypad.o
LOAD LCD.o
LOAD main.o
LOAD MUGW_options.o
LOAD TIM0_prog.o
LOAD UART.o
START GROUP
LOAD c:/program files (x86)/atmel/studio/7.0/toolchain/avr8/avr8-gnu-toolchain/bin/../lib/gcc/avr/5.4.0/../../../../avr/lib/avr5\libm.a
END GROUP
START GROUP
LOAD c:/program files (x86)/atmel/studio/7.0/toolchain/avr8/avr8-gnu-toolchain/bin/../lib/gcc/avr/5.4.0/avr5\libgcc.a
LOAD c:/program files (x86)/atmel/studio/7.0/toolchain/avr8/avr8-gnu-toolchain/bin/../lib/gcc/avr/5.4.0/../../../../avr/lib/avr5\libm.a
LOAD c:/program files (x86)/atmel/studio/7.0/toolchain/avr8/avr8-gnu-toolchain/bin/../lib/gcc/avr/5.4.0/../../../../avr/lib/avr5\libc.a
LOAD C:/Program Files (x86)/Atmel/Studio/7.0/Packs/atmel/ATmega_DFP/1.3.300/gcc/dev/atmega32/avr5\libatmega32.a
END GROUP
                0x00000000                __TEXT_REGION_ORIGIN__ = DEFINED (__TEXT_REGION_ORIGIN__)?__TEXT_REGION_ORIGIN__:0x0
                0x00800060                __DATA_REGION_ORIGIN__ = DEFINED (__DATA_REGION_ORIGIN__)?__DATA_REGION_ORIGIN__:0x800060
                0x00020000                __TEXT_REGION_LENGTH__ = DEFINED (__TEXT_REGION_LENGTH__)?__TEXT_REGION_LENGTH__:0x20000
                0x0000ffa0                __DATA_REGION_LENGTH__ = DEFINED (__DATA_REGION_LENGTH__)?__DATA_REGION_LENGTH__:0xffa0
                0x00010000                __EEPROM_REGION_LENGTH__ = DEFINED (__EEPROM_REGION_LENGTH__)?__EEPROM_REGION_LENGTH__:0x10000
                [0x00000002]                __FUSE_REGION_LENGTH__ = DEFINED (__FUSE_REGION_LENGTH__)?__FUSE_REGION_LENGTH__:0x400
                0x00000400                __LOCK_REGION_LENGTH__ = DEFINED (__LOCK_REGION_LENGTH__)?__LOCK_REGION_LENGTH__:0x400
                0x00000400                __SIGNATURE_REGION_LENGTH__ = DEFINED (__SIGNATURE_REGION_LENGTH__)?__SIGNATURE_REGION_LENGTH__:0x400
                0x00000400                __USER_SIGNATURE_REGION_LENGTH__ = DEFINED (__USER_SIGNATURE_REGION_LENGTH__)?__USER_SIGNATURE_REGION_LENGTH__:0x400

.hash
 *(.hash)

.dynsym
 *(.dynsym)

.dynstr
 *(.dynstr)

.gnu.version
 *(.gnu.version)

.gnu.version_d
 *(.gnu.version_d)

.gnu.version_r
 *(.gnu.version_r)

.rel.init
 *(.rel.init)

.rela.init
 *(.rela.init)

.rel.text
 *(.rel.text)
 *(.rel.text.*)
 *(.rel.gnu.linkonce.t*)

.rela.text
 *(.rela.text)
 *(.rela.text.*)
 *(.rela.gnu.linkonce.t*)

.rel.fini
 *(.rel.fini)

.rela.fini
 *(.rela.fini)

.rel.rodata
 *(.rel.rodata)
 *(.rel.rodata.*)
 *(.rel.gnu.linkonce.r*)

.rela.rodata
 *(.rela.rodata)
 *(.rela.rodata.*)
 *(.rela.gnu.linkonce.r*)

.rel.data
 *(.rel.data)
 *(.rel.data.*)
 *(.rel.gnu.linkonce.d*)

.rela.data
 *(.rela.data)
 *(.rela.data.*)
 *(.rela.gnu.linkonce.d*)

.rel.ctors
 *(.rel.ctors)

.rela.ctors
 *(.rela.ctors)

.rel.dtors
 *(.rel.dtors)

.rela.dtors
 *(.rela.dtors)

.rel.got
 *(.rel.got)

.rela.got
 *(.rela.got)

.rel.bss
 *(.rel.bss)

.rela.bss
 *(.rela.bss)

.rel.plt
 *(.rel.plt)

.rela.plt
 *(.rela.plt)

.text           0x00000000      0x952
 *(.vectors)
 .vectors       0x00000000       0x54 C:/Program Files (x86)/Atmel/Studio/7.0/Packs/atmel/ATmega_DFP/1.3.300/gcc/dev/atmega32/avr5/crtatmega32.o
                0x00000000                __vector_default
                0x00000000                __vectors
 *(.vectors)
 *(.progmem.gcc*)
                0x00000054                . = ALIGN (0x2)
                0x00000054                __trampolines_start = .
 *(.trampolines)
 .trampolines   0x00000054        0x0 linker stubs
 *(.trampolines*)
                0x00000054                __trampolines_end = .
 *libprintf_flt.a:*(.progmem.data)
 *libc.a:*(.progmem.data)
 *(.progmem*)
                0x00000054                . = ALIGN (0x2)
 *(.jumptables)
 *(.jumptables*)
 *(.lowtext)
 *(.lowtext*)
                0x00000054                __ctors_start = .
 *(.ctors)
                0x00000054                __ctors_end = .
                0x00000054                __dtors_start = .
 *(.dtors)
                0x00000054                __dtors_end = .
 SORT(*)(.ctors)
 SORT(*)(.dtors)
 *(.init0)
 .init0         0x00000054        0x0 C:/Program Files (x86)/Atmel/Studio/7.0/Packs/atmel/ATmega_DFP/1.3.300/gcc/dev/atmega32/avr5/crtatmega32.o
                0x00000054                __init
 *(.init0)
 *(.init1)
 *(.init1)
 *(.init2)
 .init2         0x00000054        0xc C:/Program Files (x86)/Atmel/Studio/7.0/Packs/atmel/ATmega_DFP/1.3.300/gcc/dev/atmega32/avr5/crtatmega32.o
 *(.init2)
 *(.init3)
 *(.init3)
 *(.init4)
 .init4         0x00000060       0x16 c:/program files (x86)/atmel/studio/7.0/toolchain/avr8/avr8-gnu-toolchain/bin/../lib/gcc/avr/5.4.0/avr5\libgcc.a(_copy_data.o)
                0x00000060                __do_copy_data
 .init4         0x00000076       0x10 c:/program files (x86)/atmel/studio/7.0/toolchain/avr8/avr8-gnu-toolchain/bin/../lib/gcc/avr/5.4.0/avr5\libgcc.a(_clear_bss.o)
                0x00000076                __do_clear_bss
 *(.init4)
 *(.init5)
 *(.init5)
 *(.init6)
 *(.init6)
 *(.init7)
 *(.init7)
 *(.init8)
 *(.init8)
 *(.init9)
 .init9         0x00000086        0x8 C:/Program Files (x86)/Atmel/Studio/7.0/Packs/atmel/ATmega_DFP/1.3.300/gcc/dev/atmega32/avr5/crtatmega32.o
 *(.init9)
 *(.text)
 .text          0x0000008e        0x4 C:/Program Files (x86)/Atmel/Studio/7.0/Packs/atmel/ATmega_DFP/1.3.300/gcc/dev/atmega32/avr5/crtatmega32.o
                0x0000008e                __vector_1
                0x0000008e                __vector_12
                0x0000008e                __bad_interrupt
                0x0000008e                __vector_6
                0x0000008e                __vector_3
                0x0000008e                __vector_13
                0x0000008e                __vector_17
                0x0000008e                __vector_19
                0x0000008e                __vector_7
                0x0000008e                __vector_5
                0x0000008e                __vector_4
                0x0000008e                __vector_9
                0x0000008e                __vector_2
                0x0000008e                __vector_15
                0x0000008e                __vector_8
                0x0000008e                __vector_14
                0x0000008e                __vector_16
                0x0000008e                __vector_18
                0x0000008e                __vector_20
                0x00000092                . = ALIGN (0x2)
 *(.text.*)
 .text.RES_Date_and_Time
                0x00000092       0x16 CLOCK.o
                0x00000092                RES_Date_and_Time
 .text.DIO_void_SetPinDirection
                0x000000a8       0xda DIO.o
                0x000000a8                DIO_void_SetPinDirection
 .text.I2C_Init
                0x00000182        0x8 I2C_Master.o
                0x00000182                I2C_Init
 .text.I2C_Start
                0x0000018a       0x3a I2C_Master.o
                0x0000018a                I2C_Start
 .text.I2C_Repeated_Start
                0x000001c4       0x3a I2C_Master.o
                0x000001c4                I2C_Repeated_Start
 .text.I2C_Stop
                0x000001fe        0xc I2C_Master.o
                0x000001fe                I2C_Stop
 .text.I2C_Start_Wait
                0x0000020a       0x3c I2C_Master.o
                0x0000020a                I2C_Start_Wait
 .text.I2C_Write
                0x00000246       0x24 I2C_Master.o
                0x00000246                I2C_Write
 .text.I2C_Read_Ack
                0x0000026a        0xe I2C_Master.o
                0x0000026a                I2C_Read_Ack
 .text.I2C_Read_Nack
                0x00000278        0xe I2C_Master.o
                0x00000278                I2C_Read_Nack
 .text.main     0x00000286       0x10 main.o
                0x00000286                main
 .text.mugwoptions_void_selftest
                0x00000296      0x184 MUGW_options.o
                0x00000296                mugwoptions_void_selftest
 .text.mugwoptions_void_setcal
                0x0000041a       0x26 MUGW_options.o
                0x0000041a                mugwoptions_void_setcal
 .text.mugwoptions_void_RGB
                0x00000440       0x52 MUGW_options.o
                0x00000440                mugwoptions_void_RGB
 .text.mugwoptions_void_homepage
                0x00000492       0xb2 MUGW_options.o
                0x00000492                mugwoptions_void_homepage
 .text.mugwoptions_void_securityaccess
                0x00000544      0x232 MUGW_options.o
                0x00000544                mugwoptions_void_securityaccess
 .text.mugwoptions_void_changepasskey
                0x00000776       0x34 MUGW_options.o
                0x00000776                mugwoptions_void_changepasskey
 .text.mugwoptions_void_tempcontrol
                0x000007aa       0x52 MUGW_options.o
                0x000007aa                mugwoptions_void_tempcontrol
 .text.mugwoptions_void_doors
                0x000007fc       0x52 MUGW_options.o
                0x000007fc                mugwoptions_void_doors
 .text.__vector_11
                0x0000084e       0x4e TIM0_prog.o
                0x0000084e                __vector_11
 .text.__vector_10
                0x0000089c       0x4e TIM0_prog.o
                0x0000089c                __vector_10
 .text.UART_voidInit
                0x000008ea       0x22 UART.o
                0x000008ea                UART_voidInit
 .text.UART_voidSendChar
                0x0000090c        0x8 UART.o
                0x0000090c                UART_voidSendChar
 .text.UART_uint8RecChar
                0x00000914        0x8 UART.o
                0x00000914                UART_uint8RecChar
 .text.avr-libc
                0x0000091c       0x10 C:/Program Files (x86)/Atmel/Studio/7.0/Packs/atmel/ATmega_DFP/1.3.300/gcc/dev/atmega32/avr5\libatmega32.a(eerd_byte.o)
                0x0000091c                eeprom_read_byte
 .text.avr-libc
                0x0000092c       0x22 C:/Program Files (x86)/Atmel/Studio/7.0/Packs/atmel/ATmega_DFP/1.3.300/gcc/dev/atmega32/avr5\libatmega32.a(eeupd_byte.o)
                0x0000092c                eeprom_update_byte
                0x0000092e                eeprom_update_r18
                0x0000094e                . = ALIGN (0x2)
 *(.fini9)
 .fini9         0x0000094e        0x0 c:/program files (x86)/atmel/studio/7.0/toolchain/avr8/avr8-gnu-toolchain/bin/../lib/gcc/avr/5.4.0/avr5\libgcc.a(_exit.o)
                0x0000094e                _exit
                0x0000094e                exit
 *(.fini9)
 *(.fini8)
 *(.fini8)
 *(.fini7)
 *(.fini7)
 *(.fini6)
 *(.fini6)
 *(.fini5)
 *(.fini5)
 *(.fini4)
 *(.fini4)
 *(.fini3)
 *(.fini3)
 *(.fini2)
 *(.fini2)
 *(.fini1)
 *(.fini1)
 *(.fini0)
 .fini0         0x0000094e        0x4 c:/program files (x86)/atmel/studio/7.0/toolchain/avr8/avr8-gnu-toolchain/bin/../lib/gcc/avr/5.4.0/avr5\libgcc.a(_exit.o)
 *(.fini0)
                0x00000952                _etext = .

.data           0x00800060       0x18 load address 0x00000952
                0x00800060                PROVIDE (__data_start, .)
 *(.data)
 *(.data*)
 *(.gnu.linkonce.d*)
 *(.rodata)
 .rodata        0x00800060       0x18 MUGW_options.o
 *(.rodata*)
 *(.gnu.linkonce.r*)
                0x00800078                . = ALIGN (0x2)
                0x00800078                _edata = .
                0x00800078                PROVIDE (__data_end, .)

.bss            0x00800078       0x19
                0x00800078                PROVIDE (__bss_start, .)
 *(.bss)
 *(.bss*)
 .bss.j         0x00800078        0x1 CLOCK.o
 .bss.setclock_msg
                0x00800079       0x14 CLOCK.o
 .bss.TIM0_CallBack_CTC
                0x0080008d        0x2 TIM0_prog.o
 .bss.TIM0_CallBack
                0x0080008f        0x2 TIM0_prog.o
 *(COMMON)
                0x00800091                PROVIDE (__bss_end, .)
                0x00000952                __data_load_start = LOADADDR (.data)
                0x0000096a                __data_load_end = (__data_load_start + SIZEOF (.data))

.noinit         0x00800091        0x0
                [!provide]                PROVIDE (__noinit_start, .)
 *(.noinit*)
                [!provide]                PROVIDE (__noinit_end, .)
                0x00800091                _end = .
                [!provide]                PROVIDE (__heap_start, .)

.eeprom         0x00810000        0x0
 *(.eeprom*)
                0x00810000                __eeprom_end = .

.fuse
 *(.fuse)
 *(.lfuse)
 *(.hfuse)
 *(.efuse)

.lock
 *(.lock*)

.signature
 *(.signature*)

.user_signatures
 *(.user_signatures*)

.stab
 *(.stab)

.stabstr
 *(.stabstr)

.stab.excl
 *(.stab.excl)

.stab.exclstr
 *(.stab.exclstr)

.stab.index
 *(.stab.index)

.stab.indexstr
 *(.stab.indexstr)

.comment        0x00000000       0x30
 *(.comment)
 .comment       0x00000000       0x30 CLOCK.o
                                 0x31 (size before relaxing)
 .comment       0x00000030       0x31 DIO.o
 .comment       0x00000030       0x31 I2C_Master.o
 .comment       0x00000030       0x31 main.o
 .comment       0x00000030       0x31 MUGW_options.o
 .comment       0x00000030       0x31 TIM0_prog.o
 .comment       0x00000030       0x31 UART.o

.note.gnu.avr.deviceinfo
                0x00000000       0x3c
 .note.gnu.avr.deviceinfo
                0x00000000       0x3c C:/Program Files (x86)/Atmel/Studio/7.0/Packs/atmel/ATmega_DFP/1.3.300/gcc/dev/atmega32/avr5/crtatmega32.o

.note.gnu.build-id
 *(.note.gnu.build-id)

.debug
 *(.debug)

.line
 *(.line)

.debug_srcinfo
 *(.debug_srcinfo)

.debug_sfnames
 *(.debug_sfnames)

.debug_aranges  0x00000000      0x218
 *(.debug_aranges)
 .debug_aranges
                0x00000000       0x30 CLOCK.o
 .debug_aranges
                0x00000030       0x38 DIO.o
 .debug_aranges
                0x00000068       0x58 I2C_Master.o
 .debug_aranges
                0x000000c0       0x20 main.o
 .debug_aranges
                0x000000e0       0x60 MUGW_options.o
 .debug_aranges
                0x00000140       0x60 TIM0_prog.o
 .debug_aranges
                0x000001a0       0x38 UART.o
 .debug_aranges
                0x000001d8       0x20 C:/Program Files (x86)/Atmel/Studio/7.0/Packs/atmel/ATmega_DFP/1.3.300/gcc/dev/atmega32/avr5\libatmega32.a(eerd_byte.o)
 .debug_aranges
                0x000001f8       0x20 C:/Program Files (x86)/Atmel/Studio/7.0/Packs/atmel/ATmega_DFP/1.3.300/gcc/dev/atmega32/avr5\libatmega32.a(eeupd_byte.o)

.debug_pubnames
 *(.debug_pubnames)

.debug_info     0x00000000     0x1b81
 *(.debug_info .gnu.linkonce.wi.*)
 .debug_info    0x00000000      0x4e6 C:/Program Files (x86)/Atmel/Studio/7.0/Packs/atmel/ATmega_DFP/1.3.300/gcc/dev/atmega32/avr5/crtatmega32.o
 .debug_info    0x000004e6      0x2d4 CLOCK.o
 .debug_info    0x000007ba      0x1a0 DIO.o
 .debug_info    0x0000095a      0x1c9 I2C_Master.o
 .debug_info    0x00000b23       0xed main.o
 .debug_info    0x00000c10      0xb21 MUGW_options.o
 .debug_info    0x00001731      0x1ce TIM0_prog.o
 .debug_info    0x000018ff      0x151 UART.o
 .debug_info    0x00001a50       0x98 C:/Program Files (x86)/Atmel/Studio/7.0/Packs/atmel/ATmega_DFP/1.3.300/gcc/dev/atmega32/avr5\libatmega32.a(eerd_byte.o)
 .debug_info    0x00001ae8       0x99 C:/Program Files (x86)/Atmel/Studio/7.0/Packs/atmel/ATmega_DFP/1.3.300/gcc/dev/atmega32/avr5\libatmega32.a(eeupd_byte.o)

.debug_abbrev   0x00000000      0xbc0
 *(.debug_abbrev)
 .debug_abbrev  0x00000000      0x4a3 C:/Program Files (x86)/Atmel/Studio/7.0/Packs/atmel/ATmega_DFP/1.3.300/gcc/dev/atmega32/avr5/crtatmega32.o
 .debug_abbrev  0x000004a3      0x159 CLOCK.o
 .debug_abbrev  0x000005fc       0xc3 DIO.o
 .debug_abbrev  0x000006bf       0xc6 I2C_Master.o
 .debug_abbrev  0x00000785       0x98 main.o
 .debug_abbrev  0x0000081d      0x1cc MUGW_options.o
 .debug_abbrev  0x000009e9       0xc0 TIM0_prog.o
 .debug_abbrev  0x00000aa9       0xef UART.o
 .debug_abbrev  0x00000b98       0x14 C:/Program Files (x86)/Atmel/Studio/7.0/Packs/atmel/ATmega_DFP/1.3.300/gcc/dev/atmega32/avr5\libatmega32.a(eerd_byte.o)
 .debug_abbrev  0x00000bac       0x14 C:/Program Files (x86)/Atmel/Studio/7.0/Packs/atmel/ATmega_DFP/1.3.300/gcc/dev/atmega32/avr5\libatmega32.a(eeupd_byte.o)

.debug_line     0x00000000     0x13f6
 *(.debug_line .debug_line.* .debug_line_end)
 .debug_line    0x00000000      0x115 C:/Program Files (x86)/Atmel/Studio/7.0/Packs/atmel/ATmega_DFP/1.3.300/gcc/dev/atmega32/avr5/crtatmega32.o
 .debug_line    0x00000115      0x354 CLOCK.o
 .debug_line    0x00000469      0x1de DIO.o
 .debug_line    0x00000647      0x2c8 I2C_Master.o
 .debug_line    0x0000090f       0x6c main.o
 .debug_line    0x0000097b      0x6cb MUGW_options.o
 .debug_line    0x00001046      0x120 TIM0_prog.o
 .debug_line    0x00001166      0x166 UART.o
 .debug_line    0x000012cc       0x7a C:/Program Files (x86)/Atmel/Studio/7.0/Packs/atmel/ATmega_DFP/1.3.300/gcc/dev/atmega32/avr5\libatmega32.a(eerd_byte.o)
 .debug_line    0x00001346       0xb0 C:/Program Files (x86)/Atmel/Studio/7.0/Packs/atmel/ATmega_DFP/1.3.300/gcc/dev/atmega32/avr5\libatmega32.a(eeupd_byte.o)

.debug_frame    0x00000000      0x4a8
 *(.debug_frame)
 .debug_frame   0x00000000       0x64 CLOCK.o
 .debug_frame   0x00000064       0x54 DIO.o
 .debug_frame   0x000000b8       0xa4 I2C_Master.o
 .debug_frame   0x0000015c       0x24 main.o
 .debug_frame   0x00000180      0x190 MUGW_options.o
 .debug_frame   0x00000310      0x134 TIM0_prog.o
 .debug_frame   0x00000444       0x64 UART.o

.debug_str      0x00000000      0x7ea
 *(.debug_str)
 .debug_str     0x00000000      0x196 C:/Program Files (x86)/Atmel/Studio/7.0/Packs/atmel/ATmega_DFP/1.3.300/gcc/dev/atmega32/avr5/crtatmega32.o
 .debug_str     0x00000196      0x24b CLOCK.o
                                0x286 (size before relaxing)
 .debug_str     0x000003e1       0x81 DIO.o
                                0x230 (size before relaxing)
 .debug_str     0x00000462       0x9c I2C_Master.o
                                0x21c (size before relaxing)
 .debug_str     0x000004fe       0x55 main.o
                                0x204 (size before relaxing)
 .debug_str     0x00000553      0x187 MUGW_options.o
                                0x487 (size before relaxing)
 .debug_str     0x000006da       0xf4 TIM0_prog.o
                                0x27a (size before relaxing)
 .debug_str     0x000007ce       0x1c UART.o
                                0x215 (size before relaxing)

.debug_loc      0x00000000     0x15cb
 *(.debug_loc)
 .debug_loc     0x00000000      0x10e CLOCK.o
 .debug_loc     0x0000010e      0x2ac DIO.o
 .debug_loc     0x000003ba      0x231 I2C_Master.o
 .debug_loc     0x000005eb      0xda9 MUGW_options.o
 .debug_loc     0x00001394      0x196 TIM0_prog.o
 .debug_loc     0x0000152a       0xa1 UART.o

.debug_macinfo
 *(.debug_macinfo)

.debug_weaknames
 *(.debug_weaknames)

.debug_funcnames
 *(.debug_funcnames)

.debug_typenames
 *(.debug_typenames)

.debug_varnames
 *(.debug_varnames)

.debug_pubtypes
 *(.debug_pubtypes)

.debug_ranges   0x00000000      0x168
 *(.debug_ranges)
 .debug_ranges  0x00000000       0x20 CLOCK.o
 .debug_ranges  0x00000020       0x28 DIO.o
 .debug_ranges  0x00000048       0x48 I2C_Master.o
 .debug_ranges  0x00000090       0x10 main.o
 .debug_ranges  0x000000a0       0x50 MUGW_options.o
 .debug_ranges  0x000000f0       0x50 TIM0_prog.o
 .debug_ranges  0x00000140       0x28 UART.o

.debug_macro
 *(.debug_macro)
OUTPUT(MUGW_ECU.elf elf32-avr)
LOAD linker stubs
